
> frontend@0.1.0 build
> next build

Γû▓ Next.js 16.1.6 (Turbopack)
- Environments: .env.local

  Creating an optimized production build ...
Γ£ô Compiled successfully in 64s
  Running TypeScript ...
node.exe : Failed to compile.
At line:1 char:1
+ & "C:\Program Files\nodejs/node.exe" "C:\Program Files\nodejs/node_mo ...
+ ~~~~~~~~~~~~~~~~~~~~~~~~~~~~~~~~~~~~~~~~~~~~~~~~~~~~~~~~~~~~~~~~~~~~~
    + CategoryInfo          : NotSpecified: (Failed to compile.:String) [], Re 
   moteException
    + FullyQualifiedErrorId : NativeCommandError
 

./src/app/design/_lib/canvasActions.ts:6:15
Type error: '"@craftjs/core"' has no exported member named 'NodeIdSelector'. 
Did you mean 'NodeSelector'?

[0m [90m 4 |[39m [90m */[39m
 [90m 5 |[39m
[31m[1m>[22m[39m[90m 6 |[39m [36mimport[39m type { 
[33mNodeIdSelector[39m } [36mfrom[39m [32m"@craftjs/core"[39m[33m;[39m
 [90m   |[39m               [31m[1m^[22m[39m
 [90m 7 |[39m
 [90m 8 |[39m [90m/** Minimal query/actions types to avoid @craftjs/core 
internal type dependency */[39m
 [90m 9 |[39m type [33mEditorQuery[39m [33m=[39m {[0m
Next.js build worker exited with code: 1 and signal: null
